../McuLib/LittlevGL/lvgl/src/lv_core/lv_indev.c:64:6:lv_indev_init	8	static
../McuLib/LittlevGL/lvgl/src/lv_core/lv_indev.c:73:6:lv_indev_read_task	48	static
../McuLib/LittlevGL/lvgl/src/lv_core/lv_indev.c:131:14:lv_indev_get_act	8	static
../McuLib/LittlevGL/lvgl/src/lv_core/lv_indev.c:141:17:lv_indev_get_type	16	static
../McuLib/LittlevGL/lvgl/src/lv_core/lv_indev.c:151:6:lv_indev_reset	24	static
../McuLib/LittlevGL/lvgl/src/lv_core/lv_indev.c:169:6:lv_indev_reset_long_press	16	static
../McuLib/LittlevGL/lvgl/src/lv_core/lv_indev.c:181:6:lv_indev_enable	24	static
../McuLib/LittlevGL/lvgl/src/lv_core/lv_indev.c:193:6:lv_indev_set_cursor	24	static
../McuLib/LittlevGL/lvgl/src/lv_core/lv_indev.c:208:6:lv_indev_set_group	16	static
../McuLib/LittlevGL/lvgl/src/lv_core/lv_indev.c:222:6:lv_indev_set_button_points	16	static
../McuLib/LittlevGL/lvgl/src/lv_core/lv_indev.c:234:6:lv_indev_get_point	16	static
../McuLib/LittlevGL/lvgl/src/lv_core/lv_indev.c:250:10:lv_indev_get_key	16	static
../McuLib/LittlevGL/lvgl/src/lv_core/lv_indev.c:264:6:lv_indev_is_dragging	16	static
../McuLib/LittlevGL/lvgl/src/lv_core/lv_indev.c:277:6:lv_indev_get_vect	16	static
../McuLib/LittlevGL/lvgl/src/lv_core/lv_indev.c:298:6:lv_indev_wait_release	16	static
../McuLib/LittlevGL/lvgl/src/lv_core/lv_indev.c:309:13:lv_indev_get_read_task	16	static
../McuLib/LittlevGL/lvgl/src/lv_core/lv_indev.c:323:12:lv_indev_get_obj_act	8	static
../McuLib/LittlevGL/lvgl/src/lv_core/lv_indev.c:337:13:indev_pointer_proc	16	static
../McuLib/LittlevGL/lvgl/src/lv_core/lv_indev.c:363:13:indev_keypad_proc	40	static
../McuLib/LittlevGL/lvgl/src/lv_core/lv_indev.c:511:13:indev_encoder_proc	56	static
../McuLib/LittlevGL/lvgl/src/lv_core/lv_indev.c:671:13:indev_button_proc	16	static
../McuLib/LittlevGL/lvgl/src/lv_core/lv_indev.c:694:13:indev_proc_press	48	static
../McuLib/LittlevGL/lvgl/src/lv_core/lv_indev.c:847:13:indev_proc_release	40	static
../McuLib/LittlevGL/lvgl/src/lv_core/lv_indev.c:984:13:indev_proc_reset_query_handler	16	static
../McuLib/LittlevGL/lvgl/src/lv_core/lv_indev.c:1009:19:indev_search_obj	32	static
../McuLib/LittlevGL/lvgl/src/lv_core/lv_indev.c:1065:13:indev_drag	64	static
../McuLib/LittlevGL/lvgl/src/lv_core/lv_indev.c:1163:13:indev_drag_throw	56	static
../McuLib/LittlevGL/lvgl/src/lv_core/lv_indev.c:1244:13:indev_reset_check	16	static
