../McuLib/LittlevGL/lvgl/src/lv_core/../lv_misc/lv_area.h:73:20:lv_area_copy	16	static
../McuLib/LittlevGL/lvgl/src/lv_core/../lv_misc/lv_area.h:83:26:lv_area_get_width	16	static
../McuLib/LittlevGL/lvgl/src/lv_core/../lv_misc/lv_area.h:93:26:lv_area_get_height	16	static
../McuLib/LittlevGL/lvgl/src/lv_core/lv_obj.c:76:6:lv_init	8	static
../McuLib/LittlevGL/lvgl/src/lv_core/lv_obj.c:132:12:lv_obj_create	40	static
../McuLib/LittlevGL/lvgl/src/lv_core/lv_obj.c:376:10:lv_obj_del	40	static
../McuLib/LittlevGL/lvgl/src/lv_core/lv_obj.c:460:6:lv_obj_del_async	16	static
../McuLib/LittlevGL/lvgl/src/lv_core/lv_obj.c:469:6:lv_obj_clean	24	static
../McuLib/LittlevGL/lvgl/src/lv_core/lv_obj.c:486:6:lv_obj_invalidate	56	static
../McuLib/LittlevGL/lvgl/src/lv_core/lv_obj.c:533:6:lv_obj_set_parent	32	static
../McuLib/LittlevGL/lvgl/src/lv_core/lv_obj.c:570:6:lv_obj_move_foreground	24	static
../McuLib/LittlevGL/lvgl/src/lv_core/lv_obj.c:591:6:lv_obj_move_background	24	static
../McuLib/LittlevGL/lvgl/src/lv_core/lv_obj.c:618:6:lv_obj_set_pos	40	static
../McuLib/LittlevGL/lvgl/src/lv_core/lv_obj.c:665:6:lv_obj_set_x	16	static
../McuLib/LittlevGL/lvgl/src/lv_core/lv_obj.c:675:6:lv_obj_set_y	16	static
../McuLib/LittlevGL/lvgl/src/lv_core/lv_obj.c:686:6:lv_obj_set_size	40	static
../McuLib/LittlevGL/lvgl/src/lv_core/lv_obj.c:735:6:lv_obj_set_width	16	static
../McuLib/LittlevGL/lvgl/src/lv_core/lv_obj.c:745:6:lv_obj_set_height	16	static
../McuLib/LittlevGL/lvgl/src/lv_core/lv_obj.c:758:6:lv_obj_align	56	static
../McuLib/LittlevGL/lvgl/src/lv_core/lv_obj.c:903:6:lv_obj_align_origo	64	static
../McuLib/LittlevGL/lvgl/src/lv_core/lv_obj.c:1047:6:lv_obj_realign	32	static
../McuLib/LittlevGL/lvgl/src/lv_core/lv_obj.c:1066:6:lv_obj_set_auto_realign	24	static
../McuLib/LittlevGL/lvgl/src/lv_core/lv_obj.c:1087:6:lv_obj_set_ext_click_area	32	static
../McuLib/LittlevGL/lvgl/src/lv_core/lv_obj.c:1115:6:lv_obj_set_style	16	static
../McuLib/LittlevGL/lvgl/src/lv_core/lv_obj.c:1130:6:lv_obj_refresh_style	16	static
../McuLib/LittlevGL/lvgl/src/lv_core/lv_obj.c:1142:6:lv_obj_report_style_mod	24	static
../McuLib/LittlevGL/lvgl/src/lv_core/lv_obj.c:1169:6:lv_obj_set_hidden	32	static
../McuLib/LittlevGL/lvgl/src/lv_core/lv_obj.c:1186:6:lv_obj_set_click	24	static
../McuLib/LittlevGL/lvgl/src/lv_core/lv_obj.c:1197:6:lv_obj_set_top	24	static
../McuLib/LittlevGL/lvgl/src/lv_core/lv_obj.c:1207:6:lv_obj_set_drag	24	static
../McuLib/LittlevGL/lvgl/src/lv_core/lv_obj.c:1218:6:lv_obj_set_drag_dir	16	static
../McuLib/LittlevGL/lvgl/src/lv_core/lv_obj.c:1230:6:lv_obj_set_drag_throw	24	static
../McuLib/LittlevGL/lvgl/src/lv_core/lv_obj.c:1241:6:lv_obj_set_drag_parent	24	static
../McuLib/LittlevGL/lvgl/src/lv_core/lv_obj.c:1251:6:lv_obj_set_parent_event	24	static
../McuLib/LittlevGL/lvgl/src/lv_core/lv_obj.c:1261:6:lv_obj_set_opa_scale_enable	24	static
../McuLib/LittlevGL/lvgl/src/lv_core/lv_obj.c:1274:6:lv_obj_set_opa_scale	16	static
../McuLib/LittlevGL/lvgl/src/lv_core/lv_obj.c:1285:6:lv_obj_set_protect	16	static
../McuLib/LittlevGL/lvgl/src/lv_core/lv_obj.c:1295:6:lv_obj_clear_protect	16	static
../McuLib/LittlevGL/lvgl/src/lv_core/lv_obj.c:1307:6:lv_obj_set_event_cb	16	static
../McuLib/LittlevGL/lvgl/src/lv_core/lv_obj.c:1319:10:lv_event_send	48	static
../McuLib/LittlevGL/lvgl/src/lv_core/lv_obj.c:1338:10:lv_event_send_func	56	static
../McuLib/LittlevGL/lvgl/src/lv_core/lv_obj.c:1391:14:lv_event_get_data	8	static
../McuLib/LittlevGL/lvgl/src/lv_core/lv_obj.c:1402:6:lv_obj_set_signal_cb	16	static
../McuLib/LittlevGL/lvgl/src/lv_core/lv_obj.c:1412:6:lv_signal_send	32	static
../McuLib/LittlevGL/lvgl/src/lv_core/lv_obj.c:1422:6:lv_obj_set_design_cb	16	static
../McuLib/LittlevGL/lvgl/src/lv_core/lv_obj.c:1437:8:lv_obj_allocate_ext_attr	16	static
../McuLib/LittlevGL/lvgl/src/lv_core/lv_obj.c:1448:6:lv_obj_refresh_ext_draw_pad	16	static
../McuLib/LittlevGL/lvgl/src/lv_core/lv_obj.c:1465:12:lv_obj_get_screen	24	static
../McuLib/LittlevGL/lvgl/src/lv_core/lv_obj.c:1483:13:lv_obj_get_disp	32	static
../McuLib/LittlevGL/lvgl/src/lv_core/lv_obj.c:1515:12:lv_obj_get_parent	16	static
../McuLib/LittlevGL/lvgl/src/lv_core/lv_obj.c:1527:12:lv_obj_get_child	24	static
../McuLib/LittlevGL/lvgl/src/lv_core/lv_obj.c:1547:12:lv_obj_get_child_back	24	static
../McuLib/LittlevGL/lvgl/src/lv_core/lv_obj.c:1565:10:lv_obj_count_children	24	static
../McuLib/LittlevGL/lvgl/src/lv_core/lv_obj.c:1579:10:lv_obj_count_children_recursive	32	static
../McuLib/LittlevGL/lvgl/src/lv_core/lv_obj.c:1602:6:lv_obj_get_coords	16	static
../McuLib/LittlevGL/lvgl/src/lv_core/lv_obj.c:1612:6:lv_obj_get_inner_coords	24	static
../McuLib/LittlevGL/lvgl/src/lv_core/lv_obj.c:1629:12:lv_obj_get_x	24	static
../McuLib/LittlevGL/lvgl/src/lv_core/lv_obj.c:1643:12:lv_obj_get_y	24	static
../McuLib/LittlevGL/lvgl/src/lv_core/lv_obj.c:1657:12:lv_obj_get_width	16	static
../McuLib/LittlevGL/lvgl/src/lv_core/lv_obj.c:1667:12:lv_obj_get_height	16	static
../McuLib/LittlevGL/lvgl/src/lv_core/lv_obj.c:1677:12:lv_obj_get_width_fit	24	static
../McuLib/LittlevGL/lvgl/src/lv_core/lv_obj.c:1689:12:lv_obj_get_height_fit	24	static
../McuLib/LittlevGL/lvgl/src/lv_core/lv_obj.c:1701:6:lv_obj_get_auto_realign	16	static
../McuLib/LittlevGL/lvgl/src/lv_core/lv_obj.c:1716:12:lv_obj_get_ext_click_pad_left	16	static
../McuLib/LittlevGL/lvgl/src/lv_core/lv_obj.c:1733:12:lv_obj_get_ext_click_pad_right	16	static
../McuLib/LittlevGL/lvgl/src/lv_core/lv_obj.c:1750:12:lv_obj_get_ext_click_pad_top	16	static
../McuLib/LittlevGL/lvgl/src/lv_core/lv_obj.c:1767:12:lv_obj_get_ext_click_pad_bottom	16	static
../McuLib/LittlevGL/lvgl/src/lv_core/lv_obj.c:1784:12:lv_obj_get_ext_draw_pad	16	static
../McuLib/LittlevGL/lvgl/src/lv_core/lv_obj.c:1798:20:lv_obj_get_style	32	static
../McuLib/LittlevGL/lvgl/src/lv_core/lv_obj.c:1846:6:lv_obj_get_hidden	16	static
../McuLib/LittlevGL/lvgl/src/lv_core/lv_obj.c:1856:6:lv_obj_get_click	16	static
../McuLib/LittlevGL/lvgl/src/lv_core/lv_obj.c:1866:6:lv_obj_get_top	16	static
../McuLib/LittlevGL/lvgl/src/lv_core/lv_obj.c:1876:6:lv_obj_get_drag	16	static
../McuLib/LittlevGL/lvgl/src/lv_core/lv_obj.c:1886:15:lv_obj_get_drag_dir	16	static
../McuLib/LittlevGL/lvgl/src/lv_core/lv_obj.c:1896:6:lv_obj_get_drag_throw	16	static
../McuLib/LittlevGL/lvgl/src/lv_core/lv_obj.c:1906:6:lv_obj_get_drag_parent	16	static
../McuLib/LittlevGL/lvgl/src/lv_core/lv_obj.c:1916:6:lv_obj_get_parent_event	16	static
../McuLib/LittlevGL/lvgl/src/lv_core/lv_obj.c:1926:10:lv_obj_get_opa_scale_enable	16	static
../McuLib/LittlevGL/lvgl/src/lv_core/lv_obj.c:1936:10:lv_obj_get_opa_scale	24	static
../McuLib/LittlevGL/lvgl/src/lv_core/lv_obj.c:1953:9:lv_obj_get_protect	16	static
../McuLib/LittlevGL/lvgl/src/lv_core/lv_obj.c:1964:6:lv_obj_is_protected	16	static
../McuLib/LittlevGL/lvgl/src/lv_core/lv_obj.c:1974:16:lv_obj_get_signal_cb	16	static
../McuLib/LittlevGL/lvgl/src/lv_core/lv_obj.c:1984:16:lv_obj_get_design_cb	16	static
../McuLib/LittlevGL/lvgl/src/lv_core/lv_obj.c:1994:15:lv_obj_get_event_cb	16	static
../McuLib/LittlevGL/lvgl/src/lv_core/lv_obj.c:2009:8:lv_obj_get_ext_attr	16	static
../McuLib/LittlevGL/lvgl/src/lv_core/lv_obj.c:2020:6:lv_obj_get_type	64	static
../McuLib/LittlevGL/lvgl/src/lv_core/lv_obj.c:2080:8:lv_obj_get_group	16	static
../McuLib/LittlevGL/lvgl/src/lv_core/lv_obj.c:2090:6:lv_obj_is_focused	16	static
../McuLib/LittlevGL/lvgl/src/lv_core/lv_obj.c:2104:13:lv_obj_del_async_cb	16	static
../McuLib/LittlevGL/lvgl/src/lv_core/lv_obj.c:2118:13:lv_obj_design	56	static
../McuLib/LittlevGL/lvgl/src/lv_core/lv_obj.c:2164:17:lv_obj_signal	48	static
../McuLib/LittlevGL/lvgl/src/lv_core/lv_obj.c:2193:13:refresh_children_position	24	static
../McuLib/LittlevGL/lvgl/src/lv_core/lv_obj.c:2212:13:report_style_mod_core	24	static
../McuLib/LittlevGL/lvgl/src/lv_core/lv_obj.c:2231:13:refresh_children_style	24	static
../McuLib/LittlevGL/lvgl/src/lv_core/lv_obj.c:2250:13:delete_children	40	static
../McuLib/LittlevGL/lvgl/src/lv_core/lv_obj.c:2316:13:lv_event_mark_deleted	24	static
