../McuLib/SEGGER_RTT/SEGGER_RTT.c:303:13:_DoInit	16	static
../McuLib/SEGGER_RTT/SEGGER_RTT.c:369:17:_WriteBlocking	48	static
../McuLib/SEGGER_RTT/SEGGER_RTT.c:431:13:_WriteNoCheck	40	static
../McuLib/SEGGER_RTT/SEGGER_RTT.c:499:13:_PostTerminalSwitch	24	static
../McuLib/SEGGER_RTT/SEGGER_RTT.c:521:17:_GetAvailWriteSpace	32	static
../McuLib/SEGGER_RTT/SEGGER_RTT.c:568:10:SEGGER_RTT_ReadUpBufferNoLock	56	static
../McuLib/SEGGER_RTT/SEGGER_RTT.c:660:10:SEGGER_RTT_ReadNoLock	56	static
../McuLib/SEGGER_RTT/SEGGER_RTT.c:757:10:SEGGER_RTT_ReadUpBuffer	32	static
../McuLib/SEGGER_RTT/SEGGER_RTT.c:789:10:SEGGER_RTT_Read	32	static
../McuLib/SEGGER_RTT/SEGGER_RTT.c:828:6:SEGGER_RTT_WriteWithOverwriteNoLock	40	static
../McuLib/SEGGER_RTT/SEGGER_RTT.c:929:10:SEGGER_RTT_WriteSkipNoLock	56	static
../McuLib/SEGGER_RTT/SEGGER_RTT.c:1019:10:SEGGER_RTT_WriteDownBufferNoLock	40	static
../McuLib/SEGGER_RTT/SEGGER_RTT.c:1094:10:SEGGER_RTT_WriteNoLock	40	static
../McuLib/SEGGER_RTT/SEGGER_RTT.c:1170:10:SEGGER_RTT_WriteDownBuffer	40	static
../McuLib/SEGGER_RTT/SEGGER_RTT.c:1199:10:SEGGER_RTT_Write	40	static
../McuLib/SEGGER_RTT/SEGGER_RTT.c:1229:10:SEGGER_RTT_WriteString	24	static
../McuLib/SEGGER_RTT/SEGGER_RTT.c:1259:10:SEGGER_RTT_PutCharSkipNoLock	32	static
../McuLib/SEGGER_RTT/SEGGER_RTT.c:1309:10:SEGGER_RTT_PutCharSkip	40	static
../McuLib/SEGGER_RTT/SEGGER_RTT.c:1368:10:SEGGER_RTT_PutChar	40	static
../McuLib/SEGGER_RTT/SEGGER_RTT.c:1431:5:SEGGER_RTT_GetKey	16	static
../McuLib/SEGGER_RTT/SEGGER_RTT.c:1459:5:SEGGER_RTT_WaitKey	16	static
../McuLib/SEGGER_RTT/SEGGER_RTT.c:1482:5:SEGGER_RTT_HasKey	24	static
../McuLib/SEGGER_RTT/SEGGER_RTT.c:1510:10:SEGGER_RTT_HasData	24	static
../McuLib/SEGGER_RTT/SEGGER_RTT.c:1531:10:SEGGER_RTT_HasDataUp	24	static
../McuLib/SEGGER_RTT/SEGGER_RTT.c:1559:5:SEGGER_RTT_AllocDownBuffer	40	static
../McuLib/SEGGER_RTT/SEGGER_RTT.c:1607:5:SEGGER_RTT_AllocUpBuffer	40	static
../McuLib/SEGGER_RTT/SEGGER_RTT.c:1661:5:SEGGER_RTT_ConfigUpBuffer	40	static
../McuLib/SEGGER_RTT/SEGGER_RTT.c:1710:5:SEGGER_RTT_ConfigDownBuffer	40	static
../McuLib/SEGGER_RTT/SEGGER_RTT.c:1751:5:SEGGER_RTT_SetNameUpBuffer	32	static
../McuLib/SEGGER_RTT/SEGGER_RTT.c:1784:5:SEGGER_RTT_SetNameDownBuffer	32	static
../McuLib/SEGGER_RTT/SEGGER_RTT.c:1817:5:SEGGER_RTT_SetFlagsUpBuffer	32	static
../McuLib/SEGGER_RTT/SEGGER_RTT.c:1850:5:SEGGER_RTT_SetFlagsDownBuffer	32	static
../McuLib/SEGGER_RTT/SEGGER_RTT.c:1876:6:SEGGER_RTT_Init	8	static
../McuLib/SEGGER_RTT/SEGGER_RTT.c:1897:5:SEGGER_RTT_SetTerminal	40	static
../McuLib/SEGGER_RTT/SEGGER_RTT.c:1946:5:SEGGER_RTT_TerminalOut	40	static
../McuLib/SEGGER_RTT/SEGGER_RTT.c:2034:10:SEGGER_RTT_GetAvailWriteSpace	24	static
../McuLib/SEGGER_RTT/SEGGER_RTT.c:2055:10:SEGGER_RTT_GetBytesInBuffer	32	static
../McuLib/SEGGER_RTT/SEGGER_RTT.c:2076:14:SEGGER_RTT_GetUpBufferFreeSize	32	static
