../McuLib/LittlevGL/lvgl/src/lv_misc/lv_fs.c:56:6:lv_fs_init	8	static
../McuLib/LittlevGL/lvgl/src/lv_misc/lv_fs.c:67:6:lv_fs_is_ready	24	static
../McuLib/LittlevGL/lvgl/src/lv_misc/lv_fs.c:85:13:lv_fs_open	56	static
../McuLib/LittlevGL/lvgl/src/lv_misc/lv_fs.c:137:13:lv_fs_close	32	static
../McuLib/LittlevGL/lvgl/src/lv_misc/lv_fs.c:162:13:lv_fs_remove	40	static
../McuLib/LittlevGL/lvgl/src/lv_misc/lv_fs.c:191:13:lv_fs_read	56	static
../McuLib/LittlevGL/lvgl/src/lv_misc/lv_fs.c:212:13:lv_fs_write	56	static
../McuLib/LittlevGL/lvgl/src/lv_misc/lv_fs.c:237:13:lv_fs_seek	40	static
../McuLib/LittlevGL/lvgl/src/lv_misc/lv_fs.c:258:13:lv_fs_tell	40	static
../McuLib/LittlevGL/lvgl/src/lv_misc/lv_fs.c:281:13:lv_fs_trunc	32	static
../McuLib/LittlevGL/lvgl/src/lv_misc/lv_fs.c:301:13:lv_fs_size	40	static
../McuLib/LittlevGL/lvgl/src/lv_misc/lv_fs.c:322:13:lv_fs_rename	48	static
../McuLib/LittlevGL/lvgl/src/lv_misc/lv_fs.c:356:13:lv_fs_dir_open	48	static
../McuLib/LittlevGL/lvgl/src/lv_misc/lv_fs.c:394:13:lv_fs_dir_read	40	static
../McuLib/LittlevGL/lvgl/src/lv_misc/lv_fs.c:415:13:lv_fs_dir_close	32	static
../McuLib/LittlevGL/lvgl/src/lv_misc/lv_fs.c:444:13:lv_fs_free_space	48	static
../McuLib/LittlevGL/lvgl/src/lv_misc/lv_fs.c:474:6:lv_fs_drv_init	16	static
../McuLib/LittlevGL/lvgl/src/lv_misc/lv_fs.c:484:6:lv_fs_drv_register	24	static
../McuLib/LittlevGL/lvgl/src/lv_misc/lv_fs.c:500:15:lv_fs_get_drv	24	static
../McuLib/LittlevGL/lvgl/src/lv_misc/lv_fs.c:518:8:lv_fs_get_letters	24	static
../McuLib/LittlevGL/lvgl/src/lv_misc/lv_fs.c:539:14:lv_fs_get_ext	24	static
../McuLib/LittlevGL/lvgl/src/lv_misc/lv_fs.c:558:8:lv_fs_up	24	static
../McuLib/LittlevGL/lvgl/src/lv_misc/lv_fs.c:589:14:lv_fs_get_last	24	static
../McuLib/LittlevGL/lvgl/src/lv_misc/lv_fs.c:623:21:lv_fs_get_real_path	16	static
