../McuLib/FreeRTOS/Source/tasks.c:803:16:xTaskCreate	64	static
../McuLib/FreeRTOS/Source/tasks.c:894:13:prvInitialiseNewTask	32	static
../McuLib/FreeRTOS/Source/tasks.c:1145:13:prvAddNewTaskToReadyList	16	static
../McuLib/FreeRTOS/Source/tasks.c:1234:10:vTaskDelete	24	static
../McuLib/FreeRTOS/Source/tasks.c:1329:10:vTaskDelayUntil	32	static
../McuLib/FreeRTOS/Source/tasks.c:1414:10:vTaskDelay	24	static
../McuLib/FreeRTOS/Source/tasks.c:1459:16:eTaskGetState	40	static
../McuLib/FreeRTOS/Source/tasks.c:1556:17:uxTaskPriorityGet	24	static
../McuLib/FreeRTOS/Source/tasks.c:1578:17:uxTaskPriorityGetFromISR	32	static
../McuLib/FreeRTOS/Source/tasks.c:1618:10:vTaskPrioritySet	32	static
../McuLib/FreeRTOS/Source/tasks.c:1788:10:vTaskSuspend	24	static
../McuLib/FreeRTOS/Source/tasks.c:1897:23:prvTaskIsTaskSuspended	24	static
../McuLib/FreeRTOS/Source/tasks.c:1943:10:vTaskResume	24	static
../McuLib/FreeRTOS/Source/tasks.c:1997:16:xTaskResumeFromISR	32	static
../McuLib/FreeRTOS/Source/tasks.c:2067:6:vTaskStartScheduler	24	static
../McuLib/FreeRTOS/Source/tasks.c:2230:6:vTaskSuspendAll	8	static
../McuLib/FreeRTOS/Source/tasks.c:2314:12:xTaskResumeAll	24	static
../McuLib/FreeRTOS/Source/tasks.c:2425:12:xTaskGetTickCount	16	static
../McuLib/FreeRTOS/Source/tasks.c:2440:12:xTaskGetTickCountFromISR	16	static
../McuLib/FreeRTOS/Source/tasks.c:2471:13:uxTaskGetNumberOfTasks	8	static
../McuLib/FreeRTOS/Source/tasks.c:2479:8:pcTaskGetName	24	static
../McuLib/FreeRTOS/Source/tasks.c:2493:20:prvSearchForNameWithinSingleList	56	static
../McuLib/FreeRTOS/Source/tasks.c:2562:18:xTaskGetHandle	24	static
../McuLib/FreeRTOS/Source/tasks.c:2626:17:uxTaskGetSystemState	32	static
../McuLib/FreeRTOS/Source/tasks.c:2701:18:xTaskGetIdleTaskHandle	8	static
../McuLib/FreeRTOS/Source/tasks.c:2731:12:xTaskCatchUpTicks	24	static
../McuLib/FreeRTOS/Source/tasks.c:2751:16:xTaskAbortDelay	24	static
../McuLib/FreeRTOS/Source/tasks.c:2829:12:xTaskIncrementTick	32	static
../McuLib/FreeRTOS/Source/tasks.c:3127:6:vTaskSwitchContext	16	static
../McuLib/FreeRTOS/Source/tasks.c:3203:6:vTaskPlaceOnEventList	16	static
../McuLib/FreeRTOS/Source/tasks.c:3221:6:vTaskPlaceOnUnorderedEventList	24	static
../McuLib/FreeRTOS/Source/tasks.c:3249:10:vTaskPlaceOnEventListRestricted	24	static
../McuLib/FreeRTOS/Source/tasks.c:3282:12:xTaskRemoveFromEventList	24	static
../McuLib/FreeRTOS/Source/tasks.c:3350:6:vTaskRemoveFromUnorderedEventList	24	static
../McuLib/FreeRTOS/Source/tasks.c:3399:6:vTaskSetTimeOutState	16	static
../McuLib/FreeRTOS/Source/tasks.c:3411:6:vTaskInternalSetTimeOutState	16	static
../McuLib/FreeRTOS/Source/tasks.c:3419:12:xTaskCheckForTimeOut	32	static
../McuLib/FreeRTOS/Source/tasks.c:3484:6:vTaskMissedYield	8	static
../McuLib/FreeRTOS/Source/tasks.c:3492:17:uxTaskGetTaskNumber	24	static
../McuLib/FreeRTOS/Source/tasks.c:3515:10:vTaskSetTaskNumber	24	static
../McuLib/FreeRTOS/Source/tasks.c:3540:8:prvIdleTask	16	static
../McuLib/FreeRTOS/Source/tasks.c:3769:13:prvInitialiseTaskLists	16	static
../McuLib/FreeRTOS/Source/tasks.c:3801:13:prvCheckTasksWaitingTermination	16	static
../McuLib/FreeRTOS/Source/tasks.c:3831:10:vTaskGetInfo	32	static
../McuLib/FreeRTOS/Source/tasks.c:3930:24:prvListTasksWithinSingleList	48	static
../McuLib/FreeRTOS/Source/tasks.c:3965:35:prvTaskCheckFreeStackSpace	24	static
../McuLib/FreeRTOS/Source/tasks.c:4025:17:uxTaskGetStackHighWaterMark	32	static
../McuLib/FreeRTOS/Source/tasks.c:4053:17:prvDeleteTCB	16	static
../McuLib/FreeRTOS/Source/tasks.c:4109:13:prvResetNextTaskUnblockTime	8	static
../McuLib/FreeRTOS/Source/tasks.c:4132:18:xTaskGetCurrentTaskHandle	16	static
../McuLib/FreeRTOS/Source/tasks.c:4149:16:xTaskGetSchedulerState	16	static
../McuLib/FreeRTOS/Source/tasks.c:4177:16:xTaskPriorityInherit	24	static
../McuLib/FreeRTOS/Source/tasks.c:4271:16:xTaskPriorityDisinherit	24	static
../McuLib/FreeRTOS/Source/tasks.c:4355:10:vTaskPriorityDisinheritAfterTimeout	32	static
../McuLib/FreeRTOS/Source/tasks.c:4557:10:vTaskList	40	static
../McuLib/FreeRTOS/Source/tasks.c:4674:10:vTaskGetRunTimeStats	48	static
../McuLib/FreeRTOS/Source/tasks.c:4822:12:uxTaskResetEventItemValue	16	static
../McuLib/FreeRTOS/Source/tasks.c:4838:18:pvTaskIncrementMutexHeldCount	8	static
../McuLib/FreeRTOS/Source/tasks.c:4855:14:ulTaskGenericNotifyTake	32	static
../McuLib/FreeRTOS/Source/tasks.c:4927:16:xTaskGenericNotifyWait	32	static
../McuLib/FreeRTOS/Source/tasks.c:5013:16:xTaskGenericNotify	40	static
../McuLib/FreeRTOS/Source/tasks.c:5136:16:xTaskGenericNotifyFromISR	40	static
../McuLib/FreeRTOS/Source/tasks.c:5275:10:vTaskGenericNotifyGiveFromISR	48	static
../McuLib/FreeRTOS/Source/tasks.c:5364:16:xTaskGenericNotifyStateClear	24	static
../McuLib/FreeRTOS/Source/tasks.c:5398:14:ulTaskGenericNotifyValueClear	32	static
../McuLib/FreeRTOS/Source/tasks.c:5426:14:ulTaskGetIdleRunTimeCounter	8	static
../McuLib/FreeRTOS/Source/tasks.c:5434:13:prvAddCurrentTaskToDelayedList	24	static
../McuLib/FreeRTOS/Source/tasks.c:5599:13:prvCollectTaskHandlesWithinSingleList	40	static
../McuLib/FreeRTOS/Source/tasks.c:5622:13:xGetTaskHandles	32	static
../McuLib/FreeRTOS/Source/tasks.c:5656:6:vTaskGetStackInfo	32	static
