../McuLib/FreeRTOS/Source/timers.c:223:16:xTimerCreateTimerTask	24	static
../McuLib/FreeRTOS/Source/timers.c:278:23:xTimerCreate	48	static
../McuLib/FreeRTOS/Source/timers.c:345:17:prvInitialiseNewTimer	24	static
../McuLib/FreeRTOS/Source/timers.c:379:16:xTimerGenericCommand	56	static
../McuLib/FreeRTOS/Source/timers.c:426:18:xTimerGetTimerDaemonTaskHandle	8	static
../McuLib/FreeRTOS/Source/timers.c:435:16:xTimerGetPeriod	24	static
../McuLib/FreeRTOS/Source/timers.c:444:10:vTimerSetReloadMode	24	static
../McuLib/FreeRTOS/Source/timers.c:465:17:uxTimerGetReloadMode	24	static
../McuLib/FreeRTOS/Source/timers.c:490:16:xTimerGetExpiryTime	24	static
../McuLib/FreeRTOS/Source/timers.c:501:18:pcTimerGetName	24	static
../McuLib/FreeRTOS/Source/timers.c:510:17:prvProcessExpiredTimer	32	static
../McuLib/FreeRTOS/Source/timers.c:553:12:prvTimerTask	24	static
../McuLib/FreeRTOS/Source/timers.c:589:17:prvProcessTimerOrBlockTask	24	static
../McuLib/FreeRTOS/Source/timers.c:651:23:prvGetNextExpireTime	24	static
../McuLib/FreeRTOS/Source/timers.c:678:23:prvSampleTimeNow	24	static
../McuLib/FreeRTOS/Source/timers.c:701:23:prvInsertTimerInActiveList	32	static
../McuLib/FreeRTOS/Source/timers.c:745:17:prvProcessReceivedCommands	64	static
../McuLib/FreeRTOS/Source/timers.c:895:17:prvSwitchTimerLists	40	static
../McuLib/FreeRTOS/Source/timers.c:955:17:prvCheckForValidListAndQueue	8	static
../McuLib/FreeRTOS/Source/timers.c:1006:16:xTimerIsTimerActive	24	static
../McuLib/FreeRTOS/Source/timers.c:1031:12:pvTimerGetTimerID	24	static
../McuLib/FreeRTOS/Source/timers.c:1048:10:vTimerSetTimerID	24	static
../McuLib/FreeRTOS/Source/timers.c:1065:20:xTimerPendFunctionCallFromISR	48	static
../McuLib/FreeRTOS/Source/timers.c:1092:20:xTimerPendFunctionCall	48	static
../McuLib/FreeRTOS/Source/timers.c:1124:21:uxTimerGetTimerNumber	16	static
../McuLib/FreeRTOS/Source/timers.c:1134:14:vTimerSetTimerNumber	16	static
