C:\Users\andre\OneDrive - Hochschule Luzern\00_Modules\FS23_AEMBS\00_workspace_AEMBS_V11.7.0\32_LPC_Firmware\drivers/fsl_gpio.h:172:24:GPIO_PinRead	24	static
C:\Users\andre\OneDrive - Hochschule Luzern\00_Modules\FS23_AEMBS\00_workspace_AEMBS_V11.7.0\32_LPC_Firmware\drivers/fsl_gpio.h:186:20:GPIO_PortSet	24	static
C:\Users\andre\OneDrive - Hochschule Luzern\00_Modules\FS23_AEMBS\00_workspace_AEMBS_V11.7.0\32_LPC_Firmware\drivers/fsl_gpio.h:198:20:GPIO_PortClear	24	static
C:\Users\andre\OneDrive - Hochschule Luzern\00_Modules\FS23_AEMBS\00_workspace_AEMBS_V11.7.0\32_LPC_Firmware\drivers/fsl_gpio.h:210:20:GPIO_PortToggle	24	static
../McuLib/src/C11.c:175:6:C11_ClrVal	8	static
../McuLib/src/C11.c:206:6:C11_SetVal	8	static
../McuLib/src/C11.c:237:6:C11_NegVal	8	static
../McuLib/src/C11.c:278:6:C11_GetVal	8	static
../McuLib/src/C11.c:313:6:C11_GetDir	8	static
../McuLib/src/C11.c:330:6:C11_SetDir	16	static
../McuLib/src/C11.c:349:6:C11_SetInput	8	static
../McuLib/src/C11.c:381:6:C11_SetOutput	8	static
../McuLib/src/C11.c:416:6:C11_PutVal	16	static
../McuLib/src/C11.c:459:6:C11_Init	8	static
../McuLib/src/C11.c:526:6:C11_Deinit	8	static
