C:\Users\andre\Documents\GitHub\32CleanBeaches_Firmware\32_LPC_Firmware\drivers/fsl_gpio.h:172:24:GPIO_PinRead	24	static
C:\Users\andre\Documents\GitHub\32CleanBeaches_Firmware\32_LPC_Firmware\drivers/fsl_gpio.h:186:20:GPIO_PortSet	24	static
C:\Users\andre\Documents\GitHub\32CleanBeaches_Firmware\32_LPC_Firmware\drivers/fsl_gpio.h:198:20:GPIO_PortClear	24	static
C:\Users\andre\Documents\GitHub\32CleanBeaches_Firmware\32_LPC_Firmware\drivers/fsl_gpio.h:210:20:GPIO_PortToggle	24	static
../McuLib/src/C21.c:175:6:C21_ClrVal	8	static
../McuLib/src/C21.c:206:6:C21_SetVal	8	static
../McuLib/src/C21.c:237:6:C21_NegVal	8	static
../McuLib/src/C21.c:278:6:C21_GetVal	8	static
../McuLib/src/C21.c:313:6:C21_GetDir	8	static
../McuLib/src/C21.c:330:6:C21_SetDir	16	static
../McuLib/src/C21.c:349:6:C21_SetInput	8	static
../McuLib/src/C21.c:381:6:C21_SetOutput	8	static
../McuLib/src/C21.c:416:6:C21_PutVal	16	static
../McuLib/src/C21.c:459:6:C21_Init	8	static
../McuLib/src/C21.c:526:6:C21_Deinit	8	static
