../McuLib/src/InputRB1.c:98:9:InputRB1_Put	24	static
../McuLib/src/InputRB1.c:133:9:InputRB1_Putn	32	static
../McuLib/src/InputRB1.c:161:9:InputRB1_Get	24	static
../McuLib/src/InputRB1.c:196:9:InputRB1_Getn	32	static
../McuLib/src/InputRB1.c:221:22:InputRB1_NofElements	8	static
../McuLib/src/InputRB1.c:238:22:InputRB1_NofFreeElements	8	static
../McuLib/src/InputRB1.c:253:6:InputRB1_Init	8	static
../McuLib/src/InputRB1.c:270:6:InputRB1_Clear	16	static
../McuLib/src/InputRB1.c:295:9:InputRB1_Peek	32	static
../McuLib/src/InputRB1.c:330:9:InputRB1_Compare	32	static
../McuLib/src/InputRB1.c:379:9:InputRB1_Delete	16	static
../McuLib/src/InputRB1.c:414:9:InputRB1_Update	32	static
