../McuLib/src/McuArmTools.c:144:16:PrintStatus	136	static
../McuLib/src/McuArmTools.c:196:16:PrintHelp	16	static
../McuLib/src/McuArmTools.c:215:6:McuArmTools_SoftwareReset	8	static
../McuLib/src/McuArmTools.c:261:9:McuArmTools_UIDGet	24	static
../McuLib/src/McuArmTools.c:448:6:McuArmTools_UIDSame	24	static
../McuLib/src/McuArmTools.c:481:9:McuArmTools_UIDtoString	32	static
../McuLib/src/McuArmTools.c:515:9:McuArmTools_ParseCommand	40	static
../McuLib/src/McuArmTools.c:548:26:McuArmTools_GetKinetisFamilyString	8	static
../McuLib/src/McuArmTools.c:647:7:McuArmTools_GetPC	16	static
../McuLib/src/McuArmTools.c:671:7:McuArmTools_GetSP	16	static
../McuLib/src/McuArmTools.c:696:6:McuArmTools_SetPSP	16	static
../McuLib/src/McuArmTools.c:718:6:McuArmTools_SetLR	16	static
../McuLib/src/McuArmTools.c:826:6:McuArmTools_Deinit	8	static
../McuLib/src/McuArmTools.c:841:6:McuArmTools_Init	8	static
../McuLib/src/McuArmTools.c:862:10:McuArmTools_GetUsedMainStackSpace	16	static
../McuLib/src/McuArmTools.c:883:10:McuArmTools_GetUnusedMainStackSpace	16	static
../McuLib/src/McuArmTools.c:910:6:McuArmTools_FillMainStackSpace	16	static
../McuLib/src/McuArmTools.c:937:10:McuArmTools_GetLinkerMainStackSize	8	static
../McuLib/src/McuArmTools.c:959:26:McuArmTools_GetLinkerMainStackTop	8	static
../McuLib/src/McuArmTools.c:981:26:McuArmTools_GetLinkerMainStackBase	8	static
