../McuLib/src/McuExtRTC.c:84:16:AddHWRTCDate	64	static
../McuLib/src/McuExtRTC.c:103:16:AddHWRTCTime	40	static
../McuLib/src/McuExtRTC.c:126:16:DateCmd	72	static
../McuLib/src/McuExtRTC.c:168:16:TimeCmd	80	static
../McuLib/src/McuExtRTC.c:208:16:PrintStatus	64	static
../McuLib/src/McuExtRTC.c:273:9:McuExtRTC_Read	24	static
../McuLib/src/McuExtRTC.c:293:9:McuExtRTC_Write	24	static
../McuLib/src/McuExtRTC.c:313:9:McuExtRTC_ReadByte	24	static
../McuLib/src/McuExtRTC.c:343:9:McuExtRTC_WriteByte	24	static
../McuLib/src/McuExtRTC.c:374:9:McuExtRTC_ReadBlock	24	static
../McuLib/src/McuExtRTC.c:406:9:McuExtRTC_WriteBlock	24	static
../McuLib/src/McuExtRTC.c:436:9:McuExtRTC_GetRTCTimeDate	24	static
../McuLib/src/McuExtRTC.c:475:9:McuExtRTC_SetRTCTimeDate	32	static
../McuLib/src/McuExtRTC.c:517:9:McuExtRTC_SetRTCTime	32	static
../McuLib/src/McuExtRTC.c:553:9:McuExtRTC_GetRTCTime	24	static
../McuLib/src/McuExtRTC.c:588:9:McuExtRTC_GetRTCDate	24	static
../McuLib/src/McuExtRTC.c:615:9:McuExtRTC_SetRTCDate	32	static
../McuLib/src/McuExtRTC.c:647:6:McuExtRTC_Init	8	static
../McuLib/src/McuExtRTC.c:662:6:McuExtRTC_Deinit	8	static
../McuLib/src/McuExtRTC.c:683:9:McuExtRTC_ParseCommand	24	static
../McuLib/src/McuExtRTC.c:718:9:McuExtRTC_GetTime	24	static
../McuLib/src/McuExtRTC.c:748:9:McuExtRTC_SetTime	32	static
../McuLib/src/McuExtRTC.c:774:9:McuExtRTC_GetDate	24	static
../McuLib/src/McuExtRTC.c:802:9:McuExtRTC_SetDate	32	static
../McuLib/src/McuExtRTC.c:828:9:McuExtRTC_GetTemperature	32	static
