../McuLib/src/McuFXOS8700.c:125:16:PrintStatus	88	static
../McuLib/src/McuFXOS8700.c:242:16:PrintHelp	16	static
../McuLib/src/McuFXOS8700.c:269:9:McuFXOS8700_GetRaw8XYZ	24	static
../McuLib/src/McuFXOS8700.c:287:9:McuFXOS8700_Deinit	8	static
../McuLib/src/McuFXOS8700.c:303:9:McuFXOS8700_Init	8	static
../McuLib/src/McuFXOS8700.c:322:6:McuFXOS8700_CalibrateX1g	24	static
../McuLib/src/McuFXOS8700.c:356:6:McuFXOS8700_CalibrateY1g	24	static
../McuLib/src/McuFXOS8700.c:390:6:McuFXOS8700_CalibrateZ1g	24	static
../McuLib/src/McuFXOS8700.c:424:9:McuFXOS8700_GetXmg	8	static
../McuLib/src/McuFXOS8700.c:440:9:McuFXOS8700_GetYmg	8	static
../McuLib/src/McuFXOS8700.c:456:9:McuFXOS8700_GetZmg	8	static
../McuLib/src/McuFXOS8700.c:473:10:McuFXOS8700_MeasureGetRawX	24	static
../McuLib/src/McuFXOS8700.c:504:10:McuFXOS8700_MeasureGetRawY	24	static
../McuLib/src/McuFXOS8700.c:535:10:McuFXOS8700_MeasureGetRawZ	24	static
../McuLib/src/McuFXOS8700.c:565:9:McuFXOS8700_GetXOffset	8	static
../McuLib/src/McuFXOS8700.c:581:9:McuFXOS8700_GetYOffset	8	static
../McuLib/src/McuFXOS8700.c:597:9:McuFXOS8700_GetZOffset	8	static
../McuLib/src/McuFXOS8700.c:613:9:McuFXOS8700_GetX1gValue	8	static
../McuLib/src/McuFXOS8700.c:629:9:McuFXOS8700_GetY1gValue	8	static
../McuLib/src/McuFXOS8700.c:645:9:McuFXOS8700_GetZ1gValue	8	static
../McuLib/src/McuFXOS8700.c:663:9:McuFXOS8700_GetX	16	static
../McuLib/src/McuFXOS8700.c:685:9:McuFXOS8700_GetY	16	static
../McuLib/src/McuFXOS8700.c:707:9:McuFXOS8700_GetZ	16	static
../McuLib/src/McuFXOS8700.c:734:9:McuFXOS8700_ParseCommand	24	static
../McuLib/src/McuFXOS8700.c:799:9:McuFXOS8700_SetFastMode	32	static
../McuLib/src/McuFXOS8700.c:826:9:McuFXOS8700_MagEnable	24	static
../McuLib/src/McuFXOS8700.c:870:9:McuFXOS8700_MagDisable	8	static
../McuLib/src/McuFXOS8700.c:887:9:McuFXOS8700_Enable	24	static
../McuLib/src/McuFXOS8700.c:915:9:McuFXOS8700_Disable	24	static
../McuLib/src/McuFXOS8700.c:947:9:McuFXOS8700_isEnabled	32	static
../McuLib/src/McuFXOS8700.c:972:9:McuFXOS8700_WhoAmI	16	static
../McuLib/src/McuFXOS8700.c:992:9:McuFXOS8700_GetTemperature	24	static
../McuLib/src/McuFXOS8700.c:1016:9:McuFXOS8700_GetMagX	32	static
../McuLib/src/McuFXOS8700.c:1048:9:McuFXOS8700_GetMagY	32	static
../McuLib/src/McuFXOS8700.c:1080:9:McuFXOS8700_GetMagZ	32	static
../McuLib/src/McuFXOS8700.c:1113:9:McuFXOS8700_MagneticSensorReset	16	static
../McuLib/src/McuFXOS8700.c:1138:9:McuFXOS8700_ReadReg8	16	static
../McuLib/src/McuFXOS8700.c:1160:9:McuFXOS8700_WriteReg8	16	static
../McuLib/src/McuFXOS8700.c:1177:9:McuFXOS8700_SwReset	24	static
