../McuLib/src/McuGDisplaySSD1306.c:147:6:McuGDisplaySSD1306_Clear	8	static
../McuLib/src/McuGDisplaySSD1306.c:169:6:McuGDisplaySSD1306_SetPixel	16	static
../McuLib/src/McuGDisplaySSD1306.c:202:6:McuGDisplaySSD1306_ClrPixel	16	static
../McuLib/src/McuGDisplaySSD1306.c:258:6:McuGDisplaySSD1306_PutPixel	24	static
../McuLib/src/McuGDisplaySSD1306.c:297:6:McuGDisplaySSD1306_DrawFilledBox	40	static
../McuLib/src/McuGDisplaySSD1306.c:385:6:McuGDisplaySSD1306_DrawBox	40	static
../McuLib/src/McuGDisplaySSD1306.c:416:6:McuGDisplaySSD1306_DrawMonoBitmap	64	static
../McuLib/src/McuGDisplaySSD1306.c:469:6:McuGDisplaySSD1306_DrawMonoBitmapMask	40	static
../McuLib/src/McuGDisplaySSD1306.c:520:6:McuGDisplaySSD1306_DrawColorBitmap	40	static
../McuLib/src/McuGDisplaySSD1306.c:561:6:McuGDisplaySSD1306_DrawHLine	32	static
../McuLib/src/McuGDisplaySSD1306.c:581:6:McuGDisplaySSD1306_DrawVLine	32	static
../McuLib/src/McuGDisplaySSD1306.c:611:6:McuGDisplaySSD1306_DrawBarChart	40	static
../McuLib/src/McuGDisplaySSD1306.c:655:6:McuGDisplaySSD1306_DrawLine	80	static
../McuLib/src/McuGDisplaySSD1306.c:715:6:McuGDisplaySSD1306_DrawCircle	40	static
../McuLib/src/McuGDisplaySSD1306.c:763:6:McuGDisplaySSD1306_DrawFilledCircle	48	static
../McuLib/src/McuGDisplaySSD1306.c:807:6:McuGDisplaySSD1306_Draw65kBitmap	24	static
../McuLib/src/McuGDisplaySSD1306.c:884:6:McuGDisplaySSD1306_Draw256BitmapHigh	24	static
../McuLib/src/McuGDisplaySSD1306.c:960:6:McuGDisplaySSD1306_Draw256BitmapLow	24	static
../McuLib/src/McuGDisplaySSD1306.c:1045:6:McuGDisplaySSD1306_UpdateRegion	24	static
../McuLib/src/McuGDisplaySSD1306.c:1167:6:McuGDisplaySSD1306_GetDisplay	8	static
../McuLib/src/McuGDisplaySSD1306.c:1189:6:McuGDisplaySSD1306_GiveDisplay	8	static
../McuLib/src/McuGDisplaySSD1306.c:1210:6:McuGDisplaySSD1306_Init	8	static
../McuLib/src/McuGDisplaySSD1306.c:1231:6:McuGDisplaySSD1306_Deinit	8	static
