../McuLib/src/McuGenericI2C.c:113:6:McuGenericI2C_RequestBus	8	static
../McuLib/src/McuGenericI2C.c:135:6:McuGenericI2C_ReleaseBus	8	static
../McuLib/src/McuGenericI2C.c:161:9:McuGenericI2C_SelectSlave	16	static
../McuLib/src/McuGenericI2C.c:185:9:McuGenericI2C_UnselectSlave	8	static
../McuLib/src/McuGenericI2C.c:209:9:McuGenericI2C_ReadBlockGeneric	48	static
../McuLib/src/McuGenericI2C.c:256:9:McuGenericI2C_ReadBlock	32	static
../McuLib/src/McuGenericI2C.c:298:9:McuGenericI2C_WriteBlock	32	static
../McuLib/src/McuGenericI2C.c:360:9:McuGenericI2C_ReadAddressWait	32	static
../McuLib/src/McuGenericI2C.c:433:9:McuGenericI2C_ReadAddress	40	static
../McuLib/src/McuGenericI2C.c:456:9:McuGenericI2C_WriteAddress	48	static
../McuLib/src/McuGenericI2C.c:527:6:McuGenericI2C_Init	8	static
../McuLib/src/McuGenericI2C.c:551:6:McuGenericI2C_Deinit	8	static
../McuLib/src/McuGenericI2C.c:571:7:McuGenericI2C_GetSemaphore	8	static
../McuLib/src/McuGenericI2C.c:597:9:McuGenericI2C_ReadByteAddress8	24	static
../McuLib/src/McuGenericI2C.c:618:9:McuGenericI2C_WriteByteAddress8	32	static
../McuLib/src/McuGenericI2C.c:640:9:McuGenericI2C_ReadWordAddress8	24	static
../McuLib/src/McuGenericI2C.c:661:9:McuGenericI2C_WriteWordAddress8	32	static
../McuLib/src/McuGenericI2C.c:679:9:McuGenericI2C_ScanDevice	32	static
../McuLib/src/McuGenericI2C.c:733:9:McuGenericI2C_ProbeACK	48	static
../McuLib/src/McuGenericI2C.c:777:9:McuGenericI2C_ReadByte	24	static
../McuLib/src/McuGenericI2C.c:796:9:McuGenericI2C_WriteByte	24	static
