../McuLib/src/McuGenericSWI2C.c:135:13:Delay	8	static
../McuLib/src/McuGenericSWI2C.c:149:13:Write	24	static
../McuLib/src/McuGenericSWI2C.c:187:16:Read	16	static
../McuLib/src/McuGenericSWI2C.c:224:13:GetAck	16	static
../McuLib/src/McuGenericSWI2C.c:252:6:McuGenericSWI2C_SendAck	24	static
../McuLib/src/McuGenericSWI2C.c:287:13:InternalStop	8	static
../McuLib/src/McuGenericSWI2C.c:310:6:McuGenericSWI2C_ResetBus	16	static
../McuLib/src/McuGenericSWI2C.c:376:9:McuGenericSWI2C_SendChar	32	static
../McuLib/src/McuGenericSWI2C.c:460:9:McuGenericSWI2C_RecvChar	32	static
../McuLib/src/McuGenericSWI2C.c:555:9:McuGenericSWI2C_SendBlock	40	static
../McuLib/src/McuGenericSWI2C.c:670:9:McuGenericSWI2C_SendBlockContinue	40	static
../McuLib/src/McuGenericSWI2C.c:731:9:McuGenericSWI2C_RecvBlockCustom	40	static
../McuLib/src/McuGenericSWI2C.c:832:9:McuGenericSWI2C_RecvBlock	32	static
../McuLib/src/McuGenericSWI2C.c:858:9:McuGenericSWI2C_SendStop	8	static
../McuLib/src/McuGenericSWI2C.c:898:9:McuGenericSWI2C_SelectSlave	16	static
../McuLib/src/McuGenericSWI2C.c:929:9:McuGenericSWI2C_GetSelected	16	static
../McuLib/src/McuGenericSWI2C.c:946:6:McuGenericSWI2C_Init	8	static
../McuLib/src/McuGenericSWI2C.c:963:6:McuGenericSWI2C_Deinit	8	static
