../McuLib/src/McuLC709203F.c:42:16:i2cReadCmdData	40	static
../McuLib/src/McuLC709203F.c:46:16:i2cWriteCmdData	40	static
../McuLib/src/McuLC709203F.c:50:16:calcCrc8Atm	24	static
../McuLib/src/McuLC709203F.c:70:16:calcCRC_WriteAccess16	32	static
../McuLib/src/McuLC709203F.c:79:16:calcCRC_ReadAccess16	32	static
../McuLib/src/McuLC709203F.c:89:16:CheckCrc	40	static
../McuLib/src/McuLC709203F.c:99:16:CheckI2CErr	16	static
../McuLib/src/McuLC709203F.c:111:16:WriteCmdWordChecked	32	static
../McuLib/src/McuLC709203F.c:120:6:McuLC_Wakeup	8	static
../McuLib/src/McuLC709203F.c:162:16:ReadCmdWordChecked	40	static
../McuLib/src/McuLC709203F.c:179:9:McuLC_GetVoltage	16	static
../McuLib/src/McuLC709203F.c:184:9:McuLC_GetTemperature	32	static
../McuLib/src/McuLC709203F.c:196:9:McuLC_SetTemperature	16	static
../McuLib/src/McuLC709203F.c:203:9:McuLC_GetRSOC	16	static
../McuLib/src/McuLC709203F.c:208:9:McuLC_GetITE	16	static
../McuLib/src/McuLC709203F.c:213:9:McuLC_GetICversion	16	static
../McuLib/src/McuLC709203F.c:229:9:McuLC_GetCurrentDirection	32	static
../McuLib/src/McuLC709203F.c:246:9:McuLC_SetCurrentDirection	24	static
../McuLib/src/McuLC709203F.c:386:9:McuLC_GetTemperatureMeasurementMode	32	static
../McuLib/src/McuLC709203F.c:398:9:McuLC_SetTemperatureMeasurementMode	16	static
../McuLib/src/McuLC709203F.c:402:9:McuLC_SetPowerMode	16	static
../McuLib/src/McuLC709203F.c:406:9:McuLC_Init	24	static
../McuLib/src/McuLC709203F.c:451:6:McuLC_Deinit	8	static
