../McuLib/src/McuLog.c:87:13:lock	8	static
../McuLib/src/McuLog.c:93:13:unlock	8	static
../McuLib/src/McuLog.c:99:6:McuLog_set_console	16	static
../McuLib/src/McuLog.c:104:6:McuLog_set_udata	16	static
../McuLib/src/McuLog.c:108:6:McuLog_set_lock	16	static
../McuLib/src/McuLog.c:145:6:McuLog_set_level	16	static
../McuLib/src/McuLog.c:149:6:McuLog_set_quiet	16	static
../McuLib/src/McuLog.c:154:6:McuLog_set_color	16	static
../McuLib/src/McuLog.c:159:13:OutputCharFctConsole	24	static
../McuLib/src/McuLog.c:193:13:OutString	24	static
../McuLib/src/McuLog.c:200:13:LogHeader	80	static
../McuLib/src/McuLog.c:265:6:McuLog_log	60	static
../McuLib/src/McuLog.c:340:16:PrintStatus	32	static
../McuLib/src/McuLog.c:366:16:PrintHelp	16	static
../McuLib/src/McuLog.c:382:9:McuLog_ParseCommand	48	static
../McuLib/src/McuLog.c:429:6:McuLog_Init	8	static
../McuLib/src/McuLog.c:454:6:McuLog_Deinit	8	static
