../McuLib/src/McuLED.c:61:6:McuLED_GetDefaultConfig	16	static
../McuLib/src/McuLED.c:66:17:McuLED_InitLed	56	static
../McuLib/src/McuLED.c:95:17:McuLED_DeinitLed	16	static
../McuLib/src/McuLED.c:106:6:McuLED_On	24	static
../McuLib/src/McuLED.c:117:6:McuLED_Off	24	static
../McuLib/src/McuLED.c:128:6:McuLED_Toggle	24	static
../McuLib/src/McuLED.c:135:6:McuLED_Get	24	static
../McuLib/src/McuLED.c:146:6:McuLED_Set	16	static
../McuLib/src/McuLED.c:154:6:McuLED_Init	8	static
../McuLib/src/McuLED.c:158:6:McuLED_Deinit	8	static
