../McuLib/src/McuOneWire.c:146:16:read_bit	16	static
../McuLib/src/McuOneWire.c:161:13:write_bit	24	static
../McuLib/src/McuOneWire.c:182:16:PrintStatus	16	static
../McuLib/src/McuOneWire.c:192:16:PrintHelp	16	static
../McuLib/src/McuOneWire.c:214:9:McuOneWire_SendReset	16	static
../McuLib/src/McuOneWire.c:247:9:McuOneWire_SendByte	24	static
../McuLib/src/McuOneWire.c:272:9:McuOneWire_SendBytes	32	static
../McuLib/src/McuOneWire.c:303:9:McuOneWire_Receive	24	static
../McuLib/src/McuOneWire.c:334:9:McuOneWire_Count	8	static
../McuLib/src/McuOneWire.c:352:9:McuOneWire_GetByte	16	static
../McuLib/src/McuOneWire.c:375:9:McuOneWire_GetBytes	16	static
../McuLib/src/McuOneWire.c:401:9:McuOneWire_CalcCRC	24	static
../McuLib/src/McuOneWire.c:431:6:McuOneWire_Init	8	static
../McuLib/src/McuOneWire.c:454:6:McuOneWire_Deinit	8	static
../McuLib/src/McuOneWire.c:480:9:McuOneWire_ParseCommand	104	static
../McuLib/src/McuOneWire.c:566:9:McuOneWire_ReadRomCode	32	static
../McuLib/src/McuOneWire.c:604:9:McuOneWire_strcatRomCode	32	static
../McuLib/src/McuOneWire.c:627:6:McuOneWire_ResetSearch	16	static
../McuLib/src/McuOneWire.c:656:6:McuOneWire_TargetSearch	24	static
../McuLib/src/McuOneWire.c:686:6:McuOneWire_Search	48	static
