../McuLib/src/McuPCF85063A.c:55:9:McuPCF85063A_ReadBlock	32	static
../McuLib/src/McuPCF85063A.c:59:9:McuPCF85063A_WriteBlock	32	static
../McuLib/src/McuPCF85063A.c:63:9:McuPCF85063A_ReadByte	24	static
../McuLib/src/McuPCF85063A.c:67:9:McuPCF85063A_WriteByte	24	static
../McuLib/src/McuPCF85063A.c:71:9:McuPCF85063A_ReadControl1	16	static
../McuLib/src/McuPCF85063A.c:75:9:McuPCF85063A_WriteControl1	16	static
../McuLib/src/McuPCF85063A.c:79:9:McuPCF85063A_WriteSoftwareReset	8	static
../McuLib/src/McuPCF85063A.c:83:9:McuPCF85063A_ReadControl2	16	static
../McuLib/src/McuPCF85063A.c:87:9:McuPCF85063A_WriteControl2	16	static
../McuLib/src/McuPCF85063A.c:91:9:McuPCF85063A_WriteAlarmInterrupt	24	static
../McuLib/src/McuPCF85063A.c:106:9:McuPCF85063A_WriteClockOutputFrequency	24	static
../McuLib/src/McuPCF85063A.c:129:9:McuPCF85063A_WriteResetAlarmInterrupt	16	static
../McuLib/src/McuPCF85063A.c:140:9:McuPCF85063A_ReadOffset	16	static
../McuLib/src/McuPCF85063A.c:144:9:McuPCF85063A_WriteOffset	16	static
../McuLib/src/McuPCF85063A.c:148:6:McuPCF85063A_Is24hMode	24	static
../McuLib/src/McuPCF85063A.c:158:9:McuPCF85063A_ReadAlarmSecond	32	static
../McuLib/src/McuPCF85063A.c:170:9:McuPCF85063A_WriteAlarmSecond	32	static
../McuLib/src/McuPCF85063A.c:183:9:McuPCF85063A_ReadAlarmMinute	32	static
../McuLib/src/McuPCF85063A.c:195:9:McuPCF85063A_WriteAlarmMinute	32	static
../McuLib/src/McuPCF85063A.c:208:9:McuPCF85063A_ReadAlarmHour	40	static
../McuLib/src/McuPCF85063A.c:228:9:McuPCF85063A_WriteAlarmHour	32	static
../McuLib/src/McuPCF85063A.c:252:9:McuPCF85063A_ReadTimeDate	32	static
../McuLib/src/McuPCF85063A.c:277:9:McuPCF85063A_WriteTimeDate	32	static
../McuLib/src/McuPCF85063A.c:304:9:McuPCF85063A_WriteDate	32	static
../McuLib/src/McuPCF85063A.c:325:9:McuPCF85063A_WriteTime	32	static
../McuLib/src/McuPCF85063A.c:347:9:McuPCF85063A_GetTime	32	static
../McuLib/src/McuPCF85063A.c:361:9:McuPCF85063A_SetTimeInfo	32	static
../McuLib/src/McuPCF85063A.c:373:9:McuPCF85063A_SetTime	16	static
../McuLib/src/McuPCF85063A.c:377:9:McuPCF85063A_GetDate	32	static
../McuLib/src/McuPCF85063A.c:390:9:McuPCF85063A_SetDateInfo	32	static
../McuLib/src/McuPCF85063A.c:400:9:McuPCF85063A_SetDate	16	static
../McuLib/src/McuPCF85063A.c:404:9:McuPCF85063A_GetTimeDate	32	static
../McuLib/src/McuPCF85063A.c:421:9:McuPCF85063A_ReadRamByte	16	static
../McuLib/src/McuPCF85063A.c:425:9:McuPCF85063A_WriteRamByte	16	static
../McuLib/src/McuPCF85063A.c:429:16:StrCatHWTimeDate	72	static
../McuLib/src/McuPCF85063A.c:464:16:StrCatHWAlarm	40	static
../McuLib/src/McuPCF85063A.c:518:16:DateCmd	40	static
../McuLib/src/McuPCF85063A.c:539:16:TimeCmd	48	static
../McuLib/src/McuPCF85063A.c:559:16:CmdAlarmEnable	32	static
../McuLib/src/McuPCF85063A.c:583:16:PrintStatus	104	static
../McuLib/src/McuPCF85063A.c:684:9:McuPCF85063A_ParseCommand	40	static
../McuLib/src/McuPCF85063A.c:773:6:McuPCF85063A_Init	8	static
