../McuLib/src/McuSSD1306.c:276:13:SSD1306_WriteCommand	16	static
../McuLib/src/McuSSD1306.c:283:13:SSD1306_WriteData	16	static
../McuLib/src/McuSSD1306.c:290:13:SSD1306_WriteDataBlock	40	static
../McuLib/src/McuSSD1306.c:321:16:SSD1306_SetPageStartAddr	16	static
../McuLib/src/McuSSD1306.c:330:16:SSD1306_SetColStartAddr	16	static
../McuLib/src/McuSSD1306.c:340:13:SSD1306_PrintChar	32	static
../McuLib/src/McuSSD1306.c:355:10:McuSSD1306_ReadDataWord	8	static
../McuLib/src/McuSSD1306.c:369:6:McuSSD1306_WriteData	16	static
../McuLib/src/McuSSD1306.c:382:6:McuSSD1306_OpenWindow	24	static
../McuLib/src/McuSSD1306.c:399:6:McuSSD1306_CloseWindow	8	static
../McuLib/src/McuSSD1306.c:414:6:McuSSD1306_Clear	16	static
../McuLib/src/McuSSD1306.c:442:6:McuSSD1306_UpdateRegion	48	static
../McuLib/src/McuSSD1306.c:482:6:McuSSD1306_UpdateFull	8	static
../McuLib/src/McuSSD1306.c:513:31:McuSSD1306_GetDisplayOrientation	8	static
../McuLib/src/McuSSD1306.c:543:6:McuSSD1306_SetDisplayOrientation	16	static
../McuLib/src/McuSSD1306.c:590:21:McuSSD1306_GetWidth	8	static
../McuLib/src/McuSSD1306.c:619:21:McuSSD1306_GetHeight	8	static
../McuLib/src/McuSSD1306.c:682:6:McuSSD1306_GetLCD	8	static
../McuLib/src/McuSSD1306.c:697:6:McuSSD1306_GiveLCD	8	static
../McuLib/src/McuSSD1306.c:713:6:McuSSD1306_InitCommChannel	8	static
../McuLib/src/McuSSD1306.c:731:9:McuSSD1306_SetContrast	16	static
../McuLib/src/McuSSD1306.c:751:9:McuSSD1306_DisplayOn	16	static
../McuLib/src/McuSSD1306.c:776:9:McuSSD1306_DisplayInvert	16	static
../McuLib/src/McuSSD1306.c:801:9:McuSSD1306_SetDisplayClockDiv	16	static
../McuLib/src/McuSSD1306.c:823:9:McuSSD1306_SetRowCol	32	static
../McuLib/src/McuSSD1306.c:849:6:McuSSD1306_PrintString	16	static
../McuLib/src/McuSSD1306.c:882:6:McuSSD1306_ClearLine	24	static
../McuLib/src/McuSSD1306.c:904:6:McuSSD1306_Init	8	static
../McuLib/src/McuSSD1306.c:1000:6:McuSSD1306_PutPixel	32	static
../McuLib/src/McuSSD1306.c:1028:6:McuSSD1306_Deinit	8	static
../McuLib/src/McuSSD1306.c:1045:6:McuSSD1306_ClearBuffer	16	static
