../McuLib/src/McuShell.c:174:6:McuShell_SendCh	16	static
../McuLib/src/McuShell.c:201:6:McuShell_SendStr	16	static
../McuLib/src/McuShell.c:224:6:McuShell_SendNum32s	40	static
../McuLib/src/McuShell.c:245:6:McuShell_SendNum32u	40	static
../McuLib/src/McuShell.c:266:6:McuShell_SendNum16s	32	static
../McuLib/src/McuShell.c:287:6:McuShell_SendNum16u	32	static
../McuLib/src/McuShell.c:308:6:McuShell_SendNum8u	32	static
../McuLib/src/McuShell.c:329:6:McuShell_SendNum8s	32	static
../McuLib/src/McuShell.c:358:9:McuShell_ParseCommand	24	static
../McuLib/src/McuShell.c:404:6:McuShell_PrintPrompt	16	static
../McuLib/src/McuShell.c:428:6:McuShell_IsHistoryCharacter	24	static
../McuLib/src/McuShell.c:490:6:McuShell_ReadLine	40	static
../McuLib/src/McuShell.c:631:9:McuShell_PrintStatus	56	static
../McuLib/src/McuShell.c:683:6:McuShell_PrintCommandFailed	16	static
../McuLib/src/McuShell.c:714:9:McuShell_IterateTable	32	static
../McuLib/src/McuShell.c:754:9:McuShell_ParseWithCommandTableExt	48	static
../McuLib/src/McuShell.c:865:9:McuShell_ParseWithCommandTable	24	static
../McuLib/src/McuShell.c:883:9:McuShell_SetStdio	16	static
../McuLib/src/McuShell.c:901:28:McuShell_GetStdio	8	static
../McuLib/src/McuShell.c:933:9:McuShell_ReadAndParseWithCommandTableExt	40	static
../McuLib/src/McuShell.c:988:9:McuShell_ReadCommandLine	32	static
../McuLib/src/McuShell.c:1042:9:McuShell_ReadAndParseWithCommandTable	40	static
../McuLib/src/McuShell.c:1059:6:McuShell_RequestSerial	8	static
../McuLib/src/McuShell.c:1078:6:McuShell_ReleaseSerial	8	static
../McuLib/src/McuShell.c:1097:7:McuShell_GetSemaphore	8	static
../McuLib/src/McuShell.c:1114:13:SendSeparatedStrings	24	static
../McuLib/src/McuShell.c:1152:6:McuShell_SendHelpStr	32	static
../McuLib/src/McuShell.c:1172:6:McuShell_SendStatusStr	32	static
../McuLib/src/McuShell.c:1190:6:McuShell_ReadChar	16	static
../McuLib/src/McuShell.c:1224:6:McuShell_SendChar	16	static
../McuLib/src/McuShell.c:1245:6:McuShell_KeyPressed	8	static
../McuLib/src/McuShell.c:1276:6:McuShell_Init	8	static
../McuLib/src/McuShell.c:1328:6:McuShell_Deinit	8	static
../McuLib/src/McuShell.c:1358:6:McuShell_SendData	24	static
../McuLib/src/McuShell.c:1374:6:McuShell_printfPutChar	24	static
../McuLib/src/McuShell.c:1396:10:McuShell_printfIO	28	static
../McuLib/src/McuShell.c:1421:10:McuShell_printf	16	static
../McuLib/src/McuShell.c:1446:6:McuShell_SendCharFct	32	static
../McuLib/src/McuShell.c:1508:9:McuShell_PrintMemory	176	static
