../McuLib/src/McuSemihost.c:68:6:McuSemihost_StdIOKeyPressed	8	static
../McuLib/src/McuSemihost.c:72:6:McuSemihost_StdIOReadChar	24	static
../McuLib/src/McuSemihost.c:88:6:McuSemihost_StdIOFlush	8	static
../McuLib/src/McuSemihost.c:100:6:McuSemihost_StdIOSendChar	16	static
../McuLib/src/McuSemihost.c:126:28:McuSemihost_GetStdio	8	static
../McuLib/src/McuSemihost.c:163:5:McuSemihost_HostTime	32	static
../McuLib/src/McuSemihost.c:167:5:McuSemihost_HostClock	32	static
../McuLib/src/McuSemihost.c:171:5:McuSemihost_FileOpen	48	static
../McuLib/src/McuSemihost.c:180:5:McuSemihost_FileClose	40	static
../McuLib/src/McuSemihost.c:187:5:McuSemihost_FileRead	56	static
../McuLib/src/McuSemihost.c:196:5:McuSemihost_FileWrite	56	static
../McuLib/src/McuSemihost.c:211:5:McuSemihost_FileRemove	48	static
../McuLib/src/McuSemihost.c:226:5:McuSemihost_FileRename	56	static
../McuLib/src/McuSemihost.c:237:5:McuSemihost_FileLen	40	static
../McuLib/src/McuSemihost.c:244:5:McuSemihost_FileSeek	48	static
../McuLib/src/McuSemihost.c:252:5:McuSemihost_TmpName	56	static
../McuLib/src/McuSemihost.c:261:5:McuSemihost_ReadChar	32	static
../McuLib/src/McuSemihost.c:265:5:McuSemihost_WriteChar	40	static
../McuLib/src/McuSemihost.c:277:5:McuSemihost_IsTTY	40	static
../McuLib/src/McuSemihost.c:282:5:McuSemihost_WriteString	16	static
../McuLib/src/McuSemihost.c:287:5:McuSemihost_WriteString0	40	static
../McuLib/src/McuSemihost.c:329:10:McuSemihost_printf	16	static
../McuLib/src/McuSemihost.c:346:9:McuSemihost_GetTimeDateFromHost	48	static
../McuLib/src/McuSemihost.c:356:12:TestFileOperations	184	static
../McuLib/src/McuSemihost.c:548:12:ConsoleInputOutput	16	static
../McuLib/src/McuSemihost.c:602:5:McuSemiHost_Test	112	static
../McuLib/src/McuSemihost.c:675:6:McuSemiHost_Deinit	8	static
../McuLib/src/McuSemihost.c:685:6:McuSemiHost_Init	8	static
