../McuLib/src/McuTimeDate.c:133:16:AddDateToBuf	40	static
../McuLib/src/McuTimeDate.c:142:16:AddTimeToBuf	40	static
../McuLib/src/McuTimeDate.c:157:16:AddDate	32	static
../McuLib/src/McuTimeDate.c:166:16:AddTime	32	static
../McuLib/src/McuTimeDate.c:175:16:DateCmd	80	static
../McuLib/src/McuTimeDate.c:214:16:TimeCmd	80	static
../McuLib/src/McuTimeDate.c:251:16:PrintStatus	48	static
../McuLib/src/McuTimeDate.c:321:6:McuTimeDate_AddTick	16	static
../McuLib/src/McuTimeDate.c:370:6:McuTimeDate_AddTicks	16	static
../McuLib/src/McuTimeDate.c:401:9:McuTimeDate_SetSWTimeDate	48	static
../McuLib/src/McuTimeDate.c:453:9:McuTimeDate_GetSWTimeDate	48	static
../McuLib/src/McuTimeDate.c:505:9:McuTimeDate_SetTime	32	static
../McuLib/src/McuTimeDate.c:565:9:McuTimeDate_GetTime	32	static
../McuLib/src/McuTimeDate.c:605:9:McuTimeDate_SetDate	40	static
../McuLib/src/McuTimeDate.c:662:9:McuTimeDate_GetDate	32	static
../McuLib/src/McuTimeDate.c:693:9:McuTimeDate_Init	16	static
../McuLib/src/McuTimeDate.c:737:9:McuTimeDate_ParseCommand	88	static
../McuLib/src/McuTimeDate.c:821:6:McuTimeDate_Deinit	8	static
../McuLib/src/McuTimeDate.c:841:9:McuTimeDate_TicksToTime	16	static
../McuLib/src/McuTimeDate.c:869:9:McuTimeDate_TimeToTicks	24	static
../McuLib/src/McuTimeDate.c:904:9:McuTimeDate_SetInternalRTCTimeDate	16	static
../McuLib/src/McuTimeDate.c:963:9:McuTimeDate_GetInternalRTCTimeDate	16	static
../McuLib/src/McuTimeDate.c:1026:9:McuTimeDate_CalculateDayOfWeek	56	static
../McuLib/src/McuTimeDate.c:1056:9:McuTimeDate_SyncSWtimeToInternalRTCsec	16	static
../McuLib/src/McuTimeDate.c:1092:9:McuTimeDate_SyncWithInternalRTC	8	static
../McuLib/src/McuTimeDate.c:1141:9:McuTimeDate_SyncWithExternalRTC	8	static
../McuLib/src/McuTimeDate.c:1186:9:McuTimeDate_SetExternalRTCTimeDate	16	static
../McuLib/src/McuTimeDate.c:1234:9:McuTimeDate_GetExternalRTCTimeDate	16	static
../McuLib/src/McuTimeDate.c:1277:9:McuTimeDate_SetTimeDate	40	static
../McuLib/src/McuTimeDate.c:1322:9:McuTimeDate_GetTimeDate	32	static
../McuLib/src/McuTimeDate.c:1361:6:McuTimeDate_UnixSecondsToTimeDateCustom	64	static
../McuLib/src/McuTimeDate.c:1453:9:McuTimeDate_TimeDateToUnixSecondsCustom	56	static
../McuLib/src/McuTimeDate.c:1508:6:McuTimeDate_UnixSecondsToTimeDate	40	static
../McuLib/src/McuTimeDate.c:1534:9:McuTimeDate_TimeDateToUnixSeconds	32	static
../McuLib/src/McuTimeDate.c:1557:9:McuTimeDate_AddDateString	32	static
../McuLib/src/McuTimeDate.c:1587:9:McuTimeDate_AddTimeString	32	static
