../McuLib/src/McuUtility.c:163:6:McuUtility_strcpy	24	static
../McuLib/src/McuUtility.c:197:6:McuUtility_strcat	24	static
../McuLib/src/McuUtility.c:230:6:McuUtility_chcat	24	static
../McuLib/src/McuUtility.c:267:6:McuUtility_Num8uToStr	24	static
../McuLib/src/McuUtility.c:293:6:McuUtility_Num8sToStr	24	static
../McuLib/src/McuUtility.c:319:6:McuUtility_Num16uToStr	48	static
../McuLib/src/McuUtility.c:364:6:McuUtility_Num16sToStr	48	static
../McuLib/src/McuUtility.c:407:13:ShiftRightAndFill	32	static
../McuLib/src/McuUtility.c:460:6:McuUtility_Num16sToStrFormatted	24	static
../McuLib/src/McuUtility.c:494:6:McuUtility_Num16uToStrFormatted	24	static
../McuLib/src/McuUtility.c:528:6:McuUtility_Num32uToStrFormatted	24	static
../McuLib/src/McuUtility.c:562:6:McuUtility_Num32sToStrFormatted	24	static
../McuLib/src/McuUtility.c:591:6:McuUtility_strcatNum8u	40	static
../McuLib/src/McuUtility.c:622:6:McuUtility_strcatNum8s	40	static
../McuLib/src/McuUtility.c:653:6:McuUtility_strcatNum16u	40	static
../McuLib/src/McuUtility.c:684:6:McuUtility_strcatNum16s	40	static
../McuLib/src/McuUtility.c:721:6:McuUtility_strcatNum16uFormatted	48	static
../McuLib/src/McuUtility.c:758:6:McuUtility_strcatNum16sFormatted	48	static
../McuLib/src/McuUtility.c:795:6:McuUtility_strcatNum32uFormatted	56	static
../McuLib/src/McuUtility.c:832:6:McuUtility_strcatNum32sFormatted	56	static
../McuLib/src/McuUtility.c:862:6:McuUtility_strcatNum8Hex	32	static
../McuLib/src/McuUtility.c:897:6:McuUtility_strcatNum16Hex	40	static
../McuLib/src/McuUtility.c:936:6:McuUtility_strcatNum24Hex	48	static
../McuLib/src/McuUtility.c:975:6:McuUtility_strcatNum32Hex	48	static
../McuLib/src/McuUtility.c:1015:6:McuUtility_strcatNum32s	48	static
../McuLib/src/McuUtility.c:1046:6:McuUtility_strcatNum32u	48	static
../McuLib/src/McuUtility.c:1075:6:McuUtility_Num32sToStr	48	static
../McuLib/src/McuUtility.c:1131:6:McuUtility_Num32uToStr	48	static
../McuLib/src/McuUtility.c:1168:6:McuUtility_IsLeapYear	16	static
../McuLib/src/McuUtility.c:1190:9:McuUtility_WeekDay	32	static
../McuLib/src/McuUtility.c:1240:9:McuUtility_ReadEscapedName	40	static
../McuLib/src/McuUtility.c:1331:9:McuUtility_xatoi	24	static
../McuLib/src/McuUtility.c:1419:9:McuUtility_ScanDate	32	static
../McuLib/src/McuUtility.c:1481:9:McuUtility_ScanTime	40	static
../McuLib/src/McuUtility.c:1554:9:McuUtility_ScanDecimal8uNumber	24	static
../McuLib/src/McuUtility.c:1595:9:McuUtility_ScanDecimal8sNumber	40	static
../McuLib/src/McuUtility.c:1641:9:McuUtility_ScanDecimal16uNumber	24	static
../McuLib/src/McuUtility.c:1682:9:McuUtility_ScanDecimal16sNumber	40	static
../McuLib/src/McuUtility.c:1728:9:McuUtility_ScanDecimal32uNumber	24	static
../McuLib/src/McuUtility.c:1769:9:McuUtility_ScanDecimal32sNumber	40	static
../McuLib/src/McuUtility.c:1824:9:McuUtility_ScanDecimal32sDotNumber	40	static
../McuLib/src/McuUtility.c:1919:13:isHexCharacter	16	static
../McuLib/src/McuUtility.c:1924:16:PreScanHexNumber	24	static
../McuLib/src/McuUtility.c:1942:16:HexToDec	24	static
../McuLib/src/McuUtility.c:1977:9:McuUtility_ScanHex32uNumber	32	static
../McuLib/src/McuUtility.c:2014:9:McuUtility_ScanHex16uNumber	32	static
../McuLib/src/McuUtility.c:2051:9:McuUtility_ScanHex8uNumber	32	static
../McuLib/src/McuUtility.c:2088:9:McuUtility_ScanHex8uNumberNoPrefix	32	static
../McuLib/src/McuUtility.c:2126:9:McuUtility_strtailcmp	24	static
../McuLib/src/McuUtility.c:2163:9:McuUtility_strCutTail	24	static
../McuLib/src/McuUtility.c:2195:6:McuUtility_strcatNum32sDotValue100	32	static
../McuLib/src/McuUtility.c:2225:9:McuUtility_strFind	24	static
../McuLib/src/McuUtility.c:2258:9:McuUtility_ScanSeparatedNumbers	48	static
../McuLib/src/McuUtility.c:2309:9:McuUtility_ScanDoubleQuotedString	32	static
../McuLib/src/McuUtility.c:2356:6:McuUtility_strcatPad	32	static
../McuLib/src/McuUtility.c:2401:6:McuUtility_NumFloatToStr	64	static
../McuLib/src/McuUtility.c:2453:6:McuUtility_strcatNumFloat	64	static
../McuLib/src/McuUtility.c:2474:10:McuUtility_GetValue16LE	16	static
../McuLib/src/McuUtility.c:2492:10:McuUtility_GetValue24LE	16	static
../McuLib/src/McuUtility.c:2510:10:McuUtility_GetValue32LE	16	static
../McuLib/src/McuUtility.c:2528:6:McuUtility_SetValue16LE	16	static
../McuLib/src/McuUtility.c:2547:6:McuUtility_SetValue24LE	16	static
../McuLib/src/McuUtility.c:2567:6:McuUtility_SetValue32LE	16	static
../McuLib/src/McuUtility.c:2585:6:McuUtility_Deinit	8	static
../McuLib/src/McuUtility.c:2600:6:McuUtility_Init	8	static
../McuLib/src/McuUtility.c:2622:9:McuUtility_map	24	static
../McuLib/src/McuUtility.c:2650:9:McuUtility_constrain	24	static
../McuLib/src/McuUtility.c:2675:9:McuUtility_random	24	static
../McuLib/src/McuUtility.c:2696:6:McuUtility_randomSetSeed	16	static
../McuLib/src/McuUtility.c:2719:9:McuUtility_map64	32	static
../McuLib/src/McuUtility.c:2746:6:McuUtility_strcatNumHex	24	static
../McuLib/src/McuUtility.c:2777:9:McuUtility_ScanRGB	56	static
../McuLib/src/McuUtility.c:2832:9:McuUtility_ScanWRGB	56	static
../McuLib/src/McuUtility.c:2886:9:McuUtility_ScanRGB32	40	static
../McuLib/src/McuUtility.c:2914:9:McuUtility_ScanWRGB32	48	static
../McuLib/src/McuUtility.c:2939:6:McuUtility_SkipSpaces	16	static
