../McuLib/src/McuULN2003.c:163:6:McuULN2003_GetDefaultConfig	16	static
../McuLib/src/McuULN2003.c:168:10:McuULN2003_GetID	16	static
../McuLib/src/McuULN2003.c:183:13:SetStep	24	static
../McuLib/src/McuULN2003.c:189:21:McuULN2003_InitMotor	56	static
../McuLib/src/McuULN2003.c:228:21:McuULN2003_DeinitMotor	24	static
../McuLib/src/McuULN2003.c:243:6:McuULN2003_SetStepMode	16	static
../McuLib/src/McuULN2003.c:247:21:McuULN2003_GetStepMode	16	static
../McuLib/src/McuULN2003.c:251:6:McuULN2003_PowerOff	24	static
../McuLib/src/McuULN2003.c:258:13:McuULN2003_TableMakeStep	32	static
../McuLib/src/McuULN2003.c:290:6:McuULN2003_StepCallback	24	static
../McuLib/src/McuULN2003.c:328:6:McuULN2003_MoveCallback	24	static
../McuLib/src/McuULN2003.c:342:6:McuULN2003_IncStep	24	static
../McuLib/src/McuULN2003.c:356:6:McuULN2003_DecStep	24	static
../McuLib/src/McuULN2003.c:370:6:McuULN2003_SetPos	24	static
../McuLib/src/McuULN2003.c:375:9:McuULN2003_GetPos	16	static
../McuLib/src/McuULN2003.c:379:6:McuULN2003_Step	16	static
../McuLib/src/McuULN2003.c:393:6:McuULN2003_Deinit	8	static
../McuLib/src/McuULN2003.c:397:6:McuULN2003_Init	8	static
