../McuLib/src/McuX12_017.c:73:6:McuX12_017_GetDefaultConfig	16	static
../McuLib/src/McuX12_017.c:77:21:McuX12_017_DeinitDevice	24	static
../McuLib/src/McuX12_017.c:95:21:McuX12_017_InitDevice	64	static
../McuLib/src/McuX12_017.c:137:6:McuX12_017_ResetDriver	24	static
../McuLib/src/McuX12_017.c:149:6:McuX12_017_SetResetLine	24	static
../McuLib/src/McuX12_017.c:158:6:McuX12_017_SetForward	24	static
../McuLib/src/McuX12_017.c:166:6:McuX12_017_SetBackward	24	static
../McuLib/src/McuX12_017.c:174:6:McuX12_017_Step	24	static
../McuLib/src/McuX12_017.c:188:6:McuX12_017_DoSteps	32	static
../McuLib/src/McuX12_017.c:205:6:McuX12_017_SingleStep	40	static
../McuLib/src/McuX12_017.c:223:9:X12_017_GetPos	24	static
../McuLib/src/McuX12_017.c:228:6:X12_017_SetPos	32	static
../McuLib/src/McuX12_017.c:233:6:McuX12_017_GetDeviceStatusString	40	static
../McuLib/src/McuX12_017.c:263:6:McuX12_017_DisableDevice	24	static
../McuLib/src/McuX12_017.c:275:6:McuX12_017_EnableDevice	24	static
../McuLib/src/McuX12_017.c:291:6:McuX12_017_Deinit	8	static
../McuLib/src/McuX12_017.c:295:6:McuX12_017_Init	8	static
