C:\Users\andre\OneDrive - Hochschule Luzern\00_Modules\FS23_AEMBS\00_workspace_AEMBS_V11.7.0\32_LPC_Firmware\drivers/fsl_gpio.h:172:24:GPIO_PinRead	24	static
C:\Users\andre\OneDrive - Hochschule Luzern\00_Modules\FS23_AEMBS\00_workspace_AEMBS_V11.7.0\32_LPC_Firmware\drivers/fsl_gpio.h:186:20:GPIO_PortSet	24	static
C:\Users\andre\OneDrive - Hochschule Luzern\00_Modules\FS23_AEMBS\00_workspace_AEMBS_V11.7.0\32_LPC_Firmware\drivers/fsl_gpio.h:198:20:GPIO_PortClear	24	static
C:\Users\andre\OneDrive - Hochschule Luzern\00_Modules\FS23_AEMBS\00_workspace_AEMBS_V11.7.0\32_LPC_Firmware\drivers/fsl_gpio.h:210:20:GPIO_PortToggle	24	static
../McuLib/src/SDA1.c:175:6:SDA1_ClrVal	8	static
../McuLib/src/SDA1.c:206:6:SDA1_SetVal	8	static
../McuLib/src/SDA1.c:237:6:SDA1_NegVal	8	static
../McuLib/src/SDA1.c:278:6:SDA1_GetVal	8	static
../McuLib/src/SDA1.c:313:6:SDA1_GetDir	8	static
../McuLib/src/SDA1.c:330:6:SDA1_SetDir	16	static
../McuLib/src/SDA1.c:349:6:SDA1_SetInput	8	static
../McuLib/src/SDA1.c:381:6:SDA1_SetOutput	8	static
../McuLib/src/SDA1.c:416:6:SDA1_PutVal	16	static
../McuLib/src/SDA1.c:459:6:SDA1_Init	8	static
../McuLib/src/SDA1.c:526:6:SDA1_Deinit	8	static
