../McuLib/FreeRTOS/Source/portable/MemMang/heap_4.c:134:8:pvPortMalloc	32	static
../McuLib/FreeRTOS/Source/portable/MemMang/heap_4.c:287:6:vPortFree	24	static
../McuLib/FreeRTOS/Source/portable/MemMang/heap_4.c:336:8:xPortGetFreeHeapSize	8	static
../McuLib/FreeRTOS/Source/portable/MemMang/heap_4.c:342:8:xPortGetMinimumEverFreeHeapSize	8	static
../McuLib/FreeRTOS/Source/portable/MemMang/heap_4.c:348:6:vPortInitialiseBlocks	8	static
../McuLib/FreeRTOS/Source/portable/MemMang/heap_4.c:354:13:prvHeapInit	24	static
../McuLib/FreeRTOS/Source/portable/MemMang/heap_4.c:402:13:prvInsertBlockIntoFreeList	24	static
../McuLib/FreeRTOS/Source/portable/MemMang/heap_4.c:465:6:vPortGetHeapStats	32	static
../McuLib/FreeRTOS/Source/portable/MemMang/heap_4.c:516:6:vPortInitializeHeap	8	static
../McuLib/FreeRTOS/Source/portable/MemMang/heap_4.c:527:7:pvPortRealloc	32	static
