../McuLib/LittlevGL/lvgl/src/lv_draw/../lv_core/../lv_misc/lv_color.h:326:26:lv_color_mix	32	static
../McuLib/LittlevGL/lvgl/src/lv_draw/../lv_core/../lv_misc/lv_area.h:73:20:lv_area_copy	16	static
../McuLib/LittlevGL/lvgl/src/lv_draw/../lv_core/../lv_misc/lv_area.h:83:26:lv_area_get_width	16	static
../McuLib/LittlevGL/lvgl/src/lv_draw/../lv_core/../lv_misc/lv_area.h:93:26:lv_area_get_height	16	static
../McuLib/LittlevGL/lvgl/src/lv_draw/lv_draw_rect.c:79:6:lv_draw_rect	24	static
../McuLib/LittlevGL/lvgl/src/lv_draw/lv_draw_rect.c:122:13:lv_draw_rect_main_mid	80	static
../McuLib/LittlevGL/lvgl/src/lv_draw/lv_draw_rect.c:194:13:lv_draw_rect_main_corner	168	static
../McuLib/LittlevGL/lvgl/src/lv_draw/lv_draw_rect.c:505:13:lv_draw_rect_border_straight	72	static
../McuLib/LittlevGL/lvgl/src/lv_draw/lv_draw_rect.c:705:13:lv_draw_rect_border_corner	152	static
../McuLib/LittlevGL/lvgl/src/lv_draw/lv_draw_rect.c:1115:13:lv_draw_shadow	56	static
../McuLib/LittlevGL/lvgl/src/lv_draw/lv_draw_rect.c:1144:13:lv_draw_shadow_full	152	static
../McuLib/LittlevGL/lvgl/src/lv_draw/lv_draw_rect.c:1310:13:lv_draw_shadow_bottom	128	static
../McuLib/LittlevGL/lvgl/src/lv_draw/lv_draw_rect.c:1404:13:lv_draw_shadow_full_straight	88	static
../McuLib/LittlevGL/lvgl/src/lv_draw/lv_draw_rect.c:1465:17:lv_draw_cont_radius_corr	32	static
../McuLib/LittlevGL/lvgl/src/lv_draw/lv_draw_rect.c:1493:17:antialias_get_opa_circ	32	static
